
nmoinuddin@USBLRNMOINUDDI3 MINGW64 ~/Documents/Walmart/Git_Training_Project
$ git init
Initialized empty Git repository in C:/Users/nmoinuddin/Documents/Walmart/Git_Training_Project/.git/

nmoinuddin@USBLRNMOINUDDI3 MINGW64 ~/Documents/Walmart/Git_Training_Project (master)
$ git remote add origin "https://github.com/nayeemuddin1331/git-github.git"

nmoinuddin@USBLRNMOINUDDI3 MINGW64 ~/Documents/Walmart/Git_Training_Project (master)
$ git pull origin master
remote: Enumerating objects: 6, done.
remote: Counting objects: 100% (6/6), done.
remote: Compressing objects: 100% (2/2), done.
remote: Total 6 (delta 0), reused 0 (delta 0), pack-reused 0
Unpacking objects: 100% (6/6), 1.21 KiB | 39.00 KiB/s, done.
From https://github.com/nayeemuddin1331/git-github
 * branch            master     -> FETCH_HEAD
 * [new branch]      master     -> origin/master

nmoinuddin@USBLRNMOINUDDI3 MINGW64 ~/Documents/Walmart/Git_Training_Project (master)
$ git status
On branch master
nothing to commit, working tree clean

nmoinuddin@USBLRNMOINUDDI3 MINGW64 ~/Documents/Walmart/Git_Training_Project (master)
$ git status
On branch master
Untracked files:
  (use "git add <file>..." to include in what will be committed)
        demo1.txt

nothing added to commit but untracked files present (use "git add" to track)

nmoinuddin@USBLRNMOINUDDI3 MINGW64 ~/Documents/Walmart/Git_Training_Project (master)
$ git add "demo1.txt"

nmoinuddin@USBLRNMOINUDDI3 MINGW64 ~/Documents/Walmart/Git_Training_Project (master)
$ get status
bash: get: command not found

nmoinuddin@USBLRNMOINUDDI3 MINGW64 ~/Documents/Walmart/Git_Training_Project (master)
$ git status
On branch master
Changes to be committed:
  (use "git restore --staged <file>..." to unstage)
        new file:   demo1.txt


nmoinuddin@USBLRNMOINUDDI3 MINGW64 ~/Documents/Walmart/Git_Training_Project (master)
$ git commit -m "new demo file"
[master 92bbe1b] new demo file
 Committer: Moinuddin <nmoinuddin@deloitte.com>
Your name and email address were configured automatically based
on your username and hostname. Please check that they are accurate.
You can suppress this message by setting them explicitly:

    git config --global user.name "Your Name"
    git config --global user.email you@example.com

After doing this, you may fix the identity used for this commit with:

    git commit --amend --reset-author

 1 file changed, 1 insertion(+)
 create mode 100644 demo1.txt

nmoinuddin@USBLRNMOINUDDI3 MINGW64 ~/Documents/Walmart/Git_Training_Project (master)
$ git status
On branch master
nothing to commit, working tree clean

nmoinuddin@USBLRNMOINUDDI3 MINGW64 ~/Documents/Walmart/Git_Training_Project (master)
$ git status
On branch master
Untracked files:
  (use "git add <file>..." to include in what will be committed)
        demo2.txt
        demo3.txt

nothing added to commit but untracked files present (use "git add" to track)

nmoinuddin@USBLRNMOINUDDI3 MINGW64 ~/Documents/Walmart/Git_Training_Project (master)
$ git status'
>
> ;
> ^C

nmoinuddin@USBLRNMOINUDDI3 MINGW64 ~/Documents/Walmart/Git_Training_Project (master)
$ git status
On branch master
Untracked files:
  (use "git add <file>..." to include in what will be committed)
        demo2.txt
        demo3.txt

nothing added to commit but untracked files present (use "git add" to track)

nmoinuddin@USBLRNMOINUDDI3 MINGW64 ~/Documents/Walmart/Git_Training_Project (master)
$ git add -A

nmoinuddin@USBLRNMOINUDDI3 MINGW64 ~/Documents/Walmart/Git_Training_Project (master)
$ git status
On branch master
Changes to be committed:
  (use "git restore --staged <file>..." to unstage)
        new file:   demo2.txt
        new file:   demo3.txt


nmoinuddin@USBLRNMOINUDDI3 MINGW64 ~/Documents/Walmart/Git_Training_Project (master)
$ git commit -a -m "adding 2 new files"
[master d299077] adding 2 new files
 Committer: Moinuddin <nmoinuddin@deloitte.com>
Your name and email address were configured automatically based
on your username and hostname. Please check that they are accurate.
You can suppress this message by setting them explicitly:

    git config --global user.name "Your Name"
    git config --global user.email you@example.com

After doing this, you may fix the identity used for this commit with:

    git commit --amend --reset-author

 2 files changed, 2 insertions(+)
 create mode 100644 demo2.txt
 create mode 100644 demo3.txt

nmoinuddin@USBLRNMOINUDDI3 MINGW64 ~/Documents/Walmart/Git_Training_Project (master)
$ git log
commit d29907797f3754035e3d32c4d67a242f1313ec64 (HEAD -> master)
Author: Moinuddin <nmoinuddin@deloitte.com>
Date:   Wed Feb 12 16:59:46 2020 +0530

    adding 2 new files

commit 92bbe1bc2ee221c4a46ac26767f5451cb6064278
Author: Moinuddin <nmoinuddin@deloitte.com>
Date:   Wed Feb 12 16:54:34 2020 +0530

    new demo file

commit 9c77cfe2a2df5b875c2ce0098bd5652b8aa8cd73 (origin/master)
Author: nayeemuddin1331 <60771911+nayeemuddin1331@users.noreply.github.com>
Date:   Wed Feb 12 13:13:07 2020 +0530

    Update README.md

commit aa19705e50e9a071e455a6899df6edb4ef43c8ed
Author: nayeemuddin1331 <60771911+nayeemuddin1331@users.noreply.github.com>
Date:   Wed Feb 12 13:11:16 2020 +0530

    Initial commit

nmoinuddin@USBLRNMOINUDDI3 MINGW64 ~/Documents/Walmart/Git_Training_Project (master)
$ git branch firstbranch

nmoinuddin@USBLRNMOINUDDI3 MINGW64 ~/Documents/Walmart/Git_Training_Project (master)
$ git checkout firstbranch
Switched to branch 'firstbranch'

nmoinuddin@USBLRNMOINUDDI3 MINGW64 ~/Documents/Walmart/Git_Training_Project (firstbranch)
$ ls
demo1.txt  demo2.txt  demo3.txt  README.md

nmoinuddin@USBLRNMOINUDDI3 MINGW64 ~/Documents/Walmart/Git_Training_Project (firstbranch)
$ git status
On branch firstbranch
Untracked files:
  (use "git add <file>..." to include in what will be committed)
        demo4.txt

nothing added to commit but untracked files present (use "git add" to track)

nmoinuddin@USBLRNMOINUDDI3 MINGW64 ~/Documents/Walmart/Git_Training_Project (firstbranch)
$ git add demo4.txt

nmoinuddin@USBLRNMOINUDDI3 MINGW64 ~/Documents/Walmart/Git_Training_Project (firstbranch)
$ git commit -m "demo4 firstbranch file"
[firstbranch 8ae5268] demo4 firstbranch file
 Committer: Moinuddin <nmoinuddin@deloitte.com>
Your name and email address were configured automatically based
on your username and hostname. Please check that they are accurate.
You can suppress this message by setting them explicitly:

    git config --global user.name "Your Name"
    git config --global user.email you@example.com

After doing this, you may fix the identity used for this commit with:

    git commit --amend --reset-author

 1 file changed, 1 insertion(+)
 create mode 100644 demo4.txt

nmoinuddin@USBLRNMOINUDDI3 MINGW64 ~/Documents/Walmart/Git_Training_Project (firstbranch)
$ ls
demo1.txt  demo2.txt  demo3.txt  demo4.txt  README.md

nmoinuddin@USBLRNMOINUDDI3 MINGW64 ~/Documents/Walmart/Git_Training_Project (firstbranch)
$ git checkout master
Switched to branch 'master'

nmoinuddin@USBLRNMOINUDDI3 MINGW64 ~/Documents/Walmart/Git_Training_Project (master)
$ ls
demo1.txt  demo2.txt  demo3.txt  README.md

nmoinuddin@USBLRNMOINUDDI3 MINGW64 ~/Documents/Walmart/Git_Training_Project (master)
$
